../Core/Src/main.cpp:110:5:int main()	48	static
../Core/Src/main.cpp:215:6:void SystemClock_Config()	88	static
../Core/Src/main.cpp:258:13:void MX_ADC1_Init()	24	static
../Core/Src/main.cpp:310:13:void MX_I2C1_Init()	8	static
../Core/Src/main.cpp:342:13:void MX_TIM3_Init()	64	static
../Core/Src/main.cpp:403:13:void MX_DMA_Init()	16	static
../Core/Src/main.cpp:420:13:void MX_GPIO_Init()	24	static
../Core/Src/main.cpp:434:6:void setupFuzzy()	32	static
../Core/Src/main.cpp:460:6:void configureFuzzyRule()	40	static
../Core/Src/main.cpp:512:6:void addRule(int, FuzzySet*, FuzzySet*, FuzzyRuleConsequent*)	40	static
../Core/Src/main.cpp:524:7:float scaleLightValue(uint16_t, uint16_t, uint16_t, uint16_t, uint16_t)	24	static
../Core/Src/main.cpp:534:6:void Error_Handler()	4	static,ignoring_inline_asm
../Core/Src/main.cpp:541:1:void __static_initialization_and_destruction_0(int, int)	32	static
../Core/Src/main.cpp:541:1:cpp)	8	static
