../fuzzyLib/Src/FuzzyRuleAntecedent.cpp:16:1:FuzzyRuleAntecedent::FuzzyRuleAntecedent()	16	static
../fuzzyLib/Src/FuzzyRuleAntecedent.cpp:30:6:bool FuzzyRuleAntecedent::joinSingle(FuzzySet*)	16	static
../fuzzyLib/Src/FuzzyRuleAntecedent.cpp:44:6:bool FuzzyRuleAntecedent::joinWithAND(FuzzySet*, FuzzySet*)	24	static
../fuzzyLib/Src/FuzzyRuleAntecedent.cpp:60:6:bool FuzzyRuleAntecedent::joinWithOR(FuzzySet*, FuzzySet*)	24	static
../fuzzyLib/Src/FuzzyRuleAntecedent.cpp:76:6:bool FuzzyRuleAntecedent::joinWithAND(FuzzySet*, FuzzyRuleAntecedent*)	24	static
../fuzzyLib/Src/FuzzyRuleAntecedent.cpp:92:6:bool FuzzyRuleAntecedent::joinWithAND(FuzzyRuleAntecedent*, FuzzySet*)	24	static
../fuzzyLib/Src/FuzzyRuleAntecedent.cpp:98:6:bool FuzzyRuleAntecedent::joinWithOR(FuzzySet*, FuzzyRuleAntecedent*)	24	static
../fuzzyLib/Src/FuzzyRuleAntecedent.cpp:114:6:bool FuzzyRuleAntecedent::joinWithOR(FuzzyRuleAntecedent*, FuzzySet*)	24	static
../fuzzyLib/Src/FuzzyRuleAntecedent.cpp:120:6:bool FuzzyRuleAntecedent::joinWithAND(FuzzyRuleAntecedent*, FuzzyRuleAntecedent*)	24	static
../fuzzyLib/Src/FuzzyRuleAntecedent.cpp:136:6:bool FuzzyRuleAntecedent::joinWithOR(FuzzyRuleAntecedent*, FuzzyRuleAntecedent*)	24	static
../fuzzyLib/Src/FuzzyRuleAntecedent.cpp:152:7:float FuzzyRuleAntecedent::evaluate()	24	static
