../fuzzyLib/Src/FuzzyComposition.cpp:17:1:FuzzyComposition::FuzzyComposition()	16	static
../fuzzyLib/Src/FuzzyComposition.cpp:23:1:FuzzyComposition::~FuzzyComposition()	16	static
../fuzzyLib/Src/FuzzyComposition.cpp:29:6:bool FuzzyComposition::addPoint(float, float)	32	static
../fuzzyLib/Src/FuzzyComposition.cpp:70:6:bool FuzzyComposition::checkPoint(float, float)	32	static
../fuzzyLib/Src/FuzzyComposition.cpp:88:6:bool FuzzyComposition::build()	32	static
../fuzzyLib/Src/FuzzyComposition.cpp:126:7:float FuzzyComposition::calculate()	48	static
../fuzzyLib/Src/FuzzyComposition.cpp:197:6:bool FuzzyComposition::empty()	16	static
../fuzzyLib/Src/FuzzyComposition.cpp:207:5:int FuzzyComposition::countPoints()	24	static
../fuzzyLib/Src/FuzzyComposition.cpp:225:6:void FuzzyComposition::cleanPoints(pointsArray*)	16	static
../fuzzyLib/Src/FuzzyComposition.cpp:236:6:bool FuzzyComposition::rebuild(pointsArray*, pointsArray*, pointsArray*, pointsArray*)	128	static
../fuzzyLib/Src/FuzzyComposition.cpp:325:6:bool FuzzyComposition::rmvPoint(pointsArray*)	16	static
