../ssd1306/Src/ssd1306.c:59:6:SSD1306_ScrollRight	16	static
../ssd1306/Src/ssd1306.c:71:6:SSD1306_ScrollLeft	16	static
../ssd1306/Src/ssd1306.c:83:6:SSD1306_Scrolldiagright	16	static
../ssd1306/Src/ssd1306.c:98:6:SSD1306_Scrolldiagleft	16	static
../ssd1306/Src/ssd1306.c:113:6:SSD1306_Stopscroll	8	static
../ssd1306/Src/ssd1306.c:118:6:SSD1306_InvertDisplay	16	static
../ssd1306/Src/ssd1306.c:127:6:SSD1306_DrawBitmap	32	static
../ssd1306/Src/ssd1306.c:151:9:SSD1306_Init	16	static
../ssd1306/Src/ssd1306.c:218:6:SSD1306_UpdateScreen	16	static
../ssd1306/Src/ssd1306.c:233:6:SSD1306_ToggleInvert	16	static
../ssd1306/Src/ssd1306.c:247:6:SSD1306_Fill	16	static
../ssd1306/Src/ssd1306.c:253:6:SSD1306_DrawPixel	16	static
../ssd1306/Src/ssd1306.c:280:6:SSD1306_GotoXY	16	static
../ssd1306/Src/ssd1306.c:287:6:SSD1306_Putc	32	static
../ssd1306/Src/ssd1306.c:324:6:SSD1306_Puts	24	static
../ssd1306/Src/ssd1306.c:344:6:SSD1306_DrawLine	40	static
../ssd1306/Src/ssd1306.c:445:6:SSD1306_DrawRectangle	32	static
../ssd1306/Src/ssd1306.c:473:6:SSD1306_DrawFilledRectangle	40	static
../ssd1306/Src/ssd1306.c:504:6:SSD1306_DrawTriangle	32	static
../ssd1306/Src/ssd1306.c:512:6:SSD1306_DrawFilledTriangle	64	static
../ssd1306/Src/ssd1306.c:580:6:SSD1306_DrawCircle	40	static
../ssd1306/Src/ssd1306.c:617:6:SSD1306_DrawFilledCircle	48	static
../ssd1306/Src/ssd1306.c:651:6:SSD1306_Clear	8	static
../ssd1306/Src/ssd1306.c:656:6:SSD1306_ON	8	static
../ssd1306/Src/ssd1306.c:662:6:SSD1306_OFF	8	static
../ssd1306/Src/ssd1306.c:679:6:ssd1306_I2C_Init	16	static
../ssd1306/Src/ssd1306.c:692:6:ssd1306_I2C_WriteMulti	296	static
../ssd1306/Src/ssd1306.c:702:6:ssd1306_I2C_Write	32	static
